// Jest Snapshot v1, https://goo.gl/fbAQLP

exports[`ForgotPassword renders form with email field 1`] = `
<div
  className="container"
>
  <div
    className="row justify-content-center"
  >
    <div
      className="col-xs-12 col-sm-8 col-md-6"
    >
      <form
        className="login-form"
        noValidate={true}
        onSubmit={[Function]}
      >
        <div
          className="form-group"
        >
          <label
            htmlFor="email"
          >
            <span
              className={undefined}
              style={undefined}
            >
              Email
            </span>
          </label>
          <input
            className="form-control"
            name="email"
            onBlur={[Function]}
            onChange={[Function]}
            type="email"
            value=""
          />
        </div>
        <div
          className="form-group"
        >
          <button
            className="btn btn-outline-success btn-lg btn-block"
            onClick={[Function]}
          >
            <span
              className={undefined}
              style={undefined}
            >
              Action
            </span>
          </button>
        </div>
      </form>
    </div>
  </div>
</div>
`;
